C:/Users/DanielVegetto/OneDrive - Universidad Carlos III de Madrid/Universidad/Curso 2021-2022/2nd Quadrimester/Microprocessor based Digital Systems/Workspace 2/Personal_Library/Utiles_SDM.h:6:5:_write	32	static
../Core/Src/main.c:87:6:value_of_the_ADC	16	static
../Core/Src/main.c:104:6:Melody1	4	static
../Core/Src/main.c:114:6:Melody2	4	static
../Core/Src/main.c:124:6:EXTI15_10_IRQHandler	4	static
../Core/Src/main.c:134:6:TIM4_IRQHandler	4	static
../Core/Src/main.c:191:5:main	8	static
../Core/Src/main.c:372:6:SystemClock_Config	80	static
../Core/Src/main.c:416:13:MX_ADC_Init	24	static
../Core/Src/main.c:471:13:MX_TIM2_Init	32	static
../Core/Src/main.c:516:13:MX_TIM4_Init	32	static
../Core/Src/main.c:561:13:MX_USART2_UART_Init	8	static
../Core/Src/main.c:594:13:MX_GPIO_Init	48	static
../Core/Src/main.c:641:6:Error_Handler	4	static,ignoring_inline_asm
